// Vitest Snapshot v1, https://vitest.dev/guide/snapshot.html

exports[`unit tests > should render the Navbar component 1`] = `
<div>
  <header
    class="flex h-[65px] w-full items-center justify-between border-b bg-white px-8 py-2 shadow-sm"
  >
    <div
      class="flex space-x-4"
    >
      <img
        alt="logo"
        class="size-9"
        data-nimg="1"
        decoding="async"
        height="49"
        loading="lazy"
        src="/_next/image?url=%2Fpublic%2Fimages%2Flogo.png&w=128&q=100"
        srcset="/_next/image?url=%2Fpublic%2Fimages%2Flogo.png&w=64&q=100 1x, /_next/image?url=%2Fpublic%2Fimages%2Flogo.png&w=128&q=100 2x"
        style="color: transparent;"
        width="50"
      />
      <div
        class="relative hidden h-full items-center justify-center md:flex"
      >
        <input
          aria-label="Search"
          class="flex h-10 rounded-md border border-input py-2 text-sm ring-offset-background file:border-0 file:bg-transparent file:text-sm file:font-medium placeholder:text-muted-foreground focus-visible:outline-none focus-visible:ring-2 focus-visible:ring-ring focus-visible:ring-offset-2 disabled:cursor-not-allowed disabled:opacity-50 w-96 bg-slate-50 px-10 dark:bg-slate-50/5"
          name="search"
          placeholder="Search here..."
        />
        <svg
          class="lucide lucide-search absolute left-3 text-slate-500"
          fill="none"
          height="18"
          stroke="currentColor"
          stroke-linecap="round"
          stroke-linejoin="round"
          stroke-width="2"
          viewBox="0 0 24 24"
          width="18"
          xmlns="http://www.w3.org/2000/svg"
        >
          <circle
            cx="11"
            cy="11"
            r="8"
          />
          <path
            d="m21 21-4.3-4.3"
          />
        </svg>
      </div>
    </div>
    <div
      class="flex gap-5"
    >
      <div
        class="group flex cursor-pointer flex-col items-center justify-center gap-1"
      >
        <svg
          class="lucide lucide-bell size-4 transition-all duration-300 ease-in-out group-hover:text-blue-500 group-hover:animate-wiggle"
          fill="none"
          height="24"
          stroke="currentColor"
          stroke-linecap="round"
          stroke-linejoin="round"
          stroke-width="2"
          viewBox="0 0 24 24"
          width="24"
          xmlns="http://www.w3.org/2000/svg"
        >
          <path
            d="M6 8a6 6 0 0 1 12 0c0 7 3 9 3 9H3s3-2 3-9"
          />
          <path
            d="M10.3 21a1.94 1.94 0 0 0 3.4 0"
          />
        </svg>
        <span
          class="text-xs group-hover:text-blue-500"
        >
          Notifications
        </span>
      </div>
      <div
        class="group flex cursor-pointer flex-col items-center justify-center gap-1"
      >
        <svg
          class="lucide lucide-wallet size-4 transition-all duration-300 ease-in-out group-hover:text-blue-500 group-hover:animate-wiggle"
          fill="none"
          height="24"
          stroke="currentColor"
          stroke-linecap="round"
          stroke-linejoin="round"
          stroke-width="2"
          viewBox="0 0 24 24"
          width="24"
          xmlns="http://www.w3.org/2000/svg"
        >
          <path
            d="M19 7V4a1 1 0 0 0-1-1H5a2 2 0 0 0 0 4h15a1 1 0 0 1 1 1v4h-3a2 2 0 0 0 0 4h3a1 1 0 0 0 1-1v-2a1 1 0 0 0-1-1"
          />
          <path
            d="M3 5v14a2 2 0 0 0 2 2h15a1 1 0 0 0 1-1v-4"
          />
        </svg>
        <span
          class="text-xs group-hover:text-blue-500"
        >
          Wallet
        </span>
      </div>
      <div
        class="group flex cursor-pointer flex-col items-center justify-center gap-1"
      >
        <svg
          class="lucide lucide-circle-help size-4 transition-all duration-300 ease-in-out group-hover:text-blue-500 group-hover:animate-wiggle"
          fill="none"
          height="24"
          stroke="currentColor"
          stroke-linecap="round"
          stroke-linejoin="round"
          stroke-width="2"
          viewBox="0 0 24 24"
          width="24"
          xmlns="http://www.w3.org/2000/svg"
        >
          <circle
            cx="12"
            cy="12"
            r="10"
          />
          <path
            d="M9.09 9a3 3 0 0 1 5.83 1c0 2-3 3-3 3"
          />
          <path
            d="M12 17h.01"
          />
        </svg>
        <span
          class="text-xs group-hover:text-blue-500"
        >
          Inquiries
        </span>
      </div>
      <div
        class="group flex cursor-pointer flex-col items-center justify-center gap-1"
      >
        <svg
          class="lucide lucide-settings size-4 transition-all duration-300 ease-in-out group-hover:text-blue-500 group-hover:animate-spin-slow"
          fill="none"
          height="24"
          stroke="currentColor"
          stroke-linecap="round"
          stroke-linejoin="round"
          stroke-width="2"
          viewBox="0 0 24 24"
          width="24"
          xmlns="http://www.w3.org/2000/svg"
        >
          <path
            d="M12.22 2h-.44a2 2 0 0 0-2 2v.18a2 2 0 0 1-1 1.73l-.43.25a2 2 0 0 1-2 0l-.15-.08a2 2 0 0 0-2.73.73l-.22.38a2 2 0 0 0 .73 2.73l.15.1a2 2 0 0 1 1 1.72v.51a2 2 0 0 1-1 1.74l-.15.09a2 2 0 0 0-.73 2.73l.22.38a2 2 0 0 0 2.73.73l.15-.08a2 2 0 0 1 2 0l.43.25a2 2 0 0 1 1 1.73V20a2 2 0 0 0 2 2h.44a2 2 0 0 0 2-2v-.18a2 2 0 0 1 1-1.73l.43-.25a2 2 0 0 1 2 0l.15.08a2 2 0 0 0 2.73-.73l.22-.39a2 2 0 0 0-.73-2.73l-.15-.08a2 2 0 0 1-1-1.74v-.5a2 2 0 0 1 1-1.74l.15-.09a2 2 0 0 0 .73-2.73l-.22-.38a2 2 0 0 0-2.73-.73l-.15.08a2 2 0 0 1-2 0l-.43-.25a2 2 0 0 1-1-1.73V4a2 2 0 0 0-2-2z"
          />
          <circle
            cx="12"
            cy="12"
            r="3"
          />
        </svg>
        <span
          class="text-xs group-hover:text-blue-500"
        >
          Settings
        </span>
      </div>
      <div
        class="flex items-center gap-1"
      >
        <img
          alt="profile"
          class="size-9"
          data-nimg="1"
          decoding="async"
          height="36"
          loading="lazy"
          src="/_next/image?url=%2Fpublic%2Fimages%2Fprofile.png&w=96&q=100"
          srcset="/_next/image?url=%2Fpublic%2Fimages%2Fprofile.png&w=48&q=100 1x, /_next/image?url=%2Fpublic%2Fimages%2Fprofile.png&w=96&q=100 2x"
          style="color: transparent;"
          width="36"
        />
        <svg
          class="lucide lucide-chevron-down text-slate-500"
          fill="none"
          height="18"
          stroke="currentColor"
          stroke-linecap="round"
          stroke-linejoin="round"
          stroke-width="2"
          viewBox="0 0 24 24"
          width="18"
          xmlns="http://www.w3.org/2000/svg"
        >
          <path
            d="m6 9 6 6 6-6"
          />
        </svg>
      </div>
    </div>
  </header>
</div>
`;
